bin/asterisk=>bin/asterisk
lib/modules/app_chanspy.so=>lib/app_chanspy.so
lib/modules/app_confbridge.so=>lib/app_confbridge.so
lib/modules/app_db.so=>lib/app_db.so
lib/modules/app_dial.so=>lib/app_dial.so
lib/modules/app_disa.so=>lib/app_disa.so
lib/modules/app_echo.so=>lib/app_echo.so
lib/modules/app_exec.so=>lib/app_exec.so
lib/modules/app_macro.so=>lib/app_macro.so
lib/modules/app_originate.so=>lib/app_originate.so
lib/modules/app_playback.so=>lib/app_playback.so
lib/modules/app_playtones.so=>lib/app_playtones.so
lib/modules/app_queue.so=>lib/app_queue.so
lib/modules/app_readexten.so=>lib/app_readexten.so
lib/modules/app_readfile.so=>lib/app_readfile.so
lib/modules/app_read.so=>lib/app_read.so
lib/modules/app_record.so=>lib/app_record.so
lib/modules/app_senddtmf.so=>lib/app_senddtmf.so
lib/modules/app_sendtext.so=>lib/app_sendtext.so
lib/modules/app_setcallerid.so=>lib/app_setcallerid.so
lib/modules/app_system.so=>lib/app_system.so
lib/modules/app_transfer.so=>lib/app_transfer.so
lib/modules/app_verbose.so=>lib/app_verbose.so
lib/modules/app_voicemail.so=>lib/app_voicemail.so
lib/modules/cdr_csv.so=>lib/cdr_csv.so
lib/modules/cdr_custom.so=>lib/cdr_custom.so
lib/modules/cdr_manager.so=>lib/cdr_manager.so
lib/modules/cdr_syslog.so=>lib/cdr_syslog.so
lib/modules/chan_agent.so=>lib/chan_agent.so
lib/modules/chan_bridge.so=>lib/chan_bridge.so
lib/modules/chan_iax2.so=>lib/chan_iax2.so
lib/modules/chan_local.so=>lib/chan_local.so
lib/modules/chan_multicast_rtp.so=>lib/chan_multicast_rtp.so
lib/modules/chan_sip.so=>lib/chan_sip.so
lib/modules/codec_alaw.so=>lib/codec_alaw.so
lib/modules/codec_g722.so=>lib/codec_g722.so
lib/modules/codec_g726.so=>lib/codec_g726.so
lib/modules/codec_gsm.so=>lib/codec_gsm.so
lib/modules/codec_ulaw.so=>lib/codec_ulaw.so
lib/modules/format_gsm.so=>lib/format_gsm.so
lib/modules/format_h263.so=>lib/format_h263.so
lib/modules/format_h264.so=>lib/format_h264.so
lib/modules/format_jpeg.so=>lib/format_jpeg.so
lib/modules/format_pcm.so=>lib/format_pcm.so
lib/modules/format_sln.so=>lib/format_sln.so
lib/modules/format_wav.so=>lib/format_wav.so
lib/modules/func_callerid.so=>lib/func_callerid.so
lib/modules/func_cdr.so=>lib/func_cdr.so
lib/modules/func_channel.so=>lib/func_channel.so
lib/modules/func_config.so=>lib/func_config.so
lib/modules/func_cut.so=>lib/func_cut.so
lib/modules/func_db.so=>lib/func_db.so
lib/modules/func_devstate.so=>lib/func_devstate.so
lib/modules/func_dialgroup.so=>lib/func_dialgroup.so
lib/modules/func_dialplan.so=>lib/func_dialplan.so
lib/modules/func_env.so=>lib/func_env.so
lib/modules/func_extstate.so=>lib/func_extstate.so
lib/modules/func_groupcount.so=>lib/func_groupcount.so
lib/modules/func_realtime.so=>lib/func_realtime.so
lib/modules/func_sprintf.so=>lib/func_sprintf.so
lib/modules/func_strings.so=>lib/func_strings.so
lib/modules/pbx_config.so=>lib/pbx_config.so
lib/modules/pbx_dundi.so=>lib/pbx_dundi.so
lib/modules/pbx_loopback.so=>lib/pbx_loopback.so
lib/modules/pbx_realtime.so=>lib/pbx_realtime.so
lib/modules/pbx_spool.so=>lib/pbx_spool.so
lib/modules/res_agi.so=>lib/res_agi.so
lib/modules/res_adsi.so=>lib/res_adsi.so
lib/modules/res_sdmi.so=>lib/res_sdmi.so
lib/modules/res_calendar.so=>lib/res_calendar.so
lib/modules/res_clioriginate.so=>lib/res_clioriginate.so
lib/modules/res_crypto.so=>lib/res_crypto.so
lib/modules/res_monitor.so=>lib/res_monitor.so
lib/modules/res_musiconhold.so=>lib/res_musiconhold.so
lib/modules/res_rtp_asterisk.so=>lib/res_rtp_asterisk.so
lib/modules/res_rtp_multicast.so=>lib/res_rtp_multicast.so
